{value = 123}
Foo(1) = {nextFree = 1, value = 123}
