Destroying point (1, 2)
Destroying point (2, 3)
Destroying point (3, 4)
