Destroying Bar 1
Destroying Foo 1
Destroying Foo 2
Destroying Bar 2
