2-of-2 test...
p = 7919
secret = 7650
recovered = 7650
2-of-3 test...
p = 7919
secret = 5035
recovered = 5035
recovered = 5035
3-of-5 test...
p = 7919
secret = 1234
recovered = 1234
recovered = 1234
