space is the place
no else this time!
a + b == 3
a + b - 1 < 3
herp derp
