space is the place
a + b == 3
a + b - 1 < 3
herp derp
else
