inc(1) = 2
inc(10000) = 10001
dec(1) = 0
dec(10000) = 9999
sum(1000, 2000) = 3000
id(1) = 1
id(1.1) = 1.1000000000000001
id("hello") = hello
first(1, 2.0) = 1
first(true, 3u3) = true
second(1, 2.1) = 2.1000000000000001
second(true, 3u3) = 3
pair(1, 2.1) = (1, 2.1000000000000001)
pair(true, 3u3) = (true, 3)
fib(7) = 13
fib(10) = 55
is_even(3) = false
is_even(4) = true
is_odd(3) = true
is_odd(4) = false
