true
false == false
nested t == true
a + b == 3
a + b - 1 < 3
derp derp
