hello
-1
65535
3735928559
1
-1
2.7182817500000001
-3.1415926535897931
this is a bool:true|false -1, 3.141
boo: 3
